dendrobatidis: 8396 proteins from /bigdata/stajichlab/shared/projects/BFD/Fungi_BFD_runs/genome_annotation/Batrachochytrium_dendrobatidis_JEL423/predict_results/Batrachochytrium_dendrobatidis_JEL423.proteins.fa
diamond v2.1.7.161 (C) Max Planck Society for the Advancement of Science
Documentation, support and updates available at http://www.diamondsearch.org
Please cite: http://dx.doi.org/10.1038/s41592-021-01101-x Nature Methods (2021)

#CPU threads: 8
Scoring parameters: (Matrix=BLOSUM62 Lambda=0.267 K=0.041 Penalties=11/1)
Temporary directory: /bigdata/stajichlab/shared/projects/Chytrid/Bd_massspec/Batrachochytrium_MS/analysis/genome_bioactivity_linkage/results/duplication_check/dendrobatidis
#Target sequences to report alignments for: 6
Opening the database...  [0.009s]
Database: /bigdata/stajichlab/shared/projects/Chytrid/Bd_massspec/Batrachochytrium_MS/analysis/genome_bioactivity_linkage/results/duplication_check/dendrobatidis/db (type: Diamond database, sequences: 8396, letters: 4355391)
Block size = 2000000000
Opening the input file...  [0.004s]
Opening the output file...  [0s]
Loading query sequences...  [0.033s]
Masking queries...  [0.109s]
Algorithm: Double-indexed
Building query histograms...  [0.295s]
Seeking in database...  [0s]
Loading reference sequences...  [0.012s]
Masking reference...  [0.091s]
Initializing temporary storage...  [0.012s]
Building reference histograms...  [0.295s]
Allocating buffers...  [0.001s]
Processing query block 1, reference block 1/1, shape 1/16, index chunk 1/4.
Building reference seed array...  [0.037s]
Building query seed array...  [0.037s]
Computing hash join...  [0.018s]
Masking low complexity seeds...  [0.02s]
Searching alignments...  [0.376s]
Deallocating memory...  [0s]
Processing query block 1, reference block 1/1, shape 1/16, index chunk 2/4.
Building reference seed array...  [0.096s]
Building query seed array...  [0.065s]
Computing hash join...  [0.029s]
Masking low complexity seeds...  [0.024s]
Searching alignments...  [0.35s]
Deallocating memory...  [0s]
Processing query block 1, reference block 1/1, shape 1/16, index chunk 3/4.
Building reference seed array...  [0.06s]
Building query seed array...  [0.042s]
Computing hash join...  [0.012s]
Masking low complexity seeds...  [0.011s]
Searching alignments...  [0.307s]
Deallocating memory...  [0s]
Processing query block 1, reference block 1/1, shape 1/16, index chunk 4/4.
Building reference seed array...  [0.03s]
Building query seed array...  [0.044s]
Computing hash join...  [0.012s]
Masking low complexity seeds...  [0.013s]
Searching alignments...  [0.262s]
Deallocating memory...  [0s]
Processing query block 1, reference block 1/1, shape 2/16, index chunk 1/4.
Building reference seed array...  [0.043s]
Building query seed array...  [0.043s]
Computing hash join...  [0.017s]
Masking low complexity seeds...  [0.037s]
Searching alignments...  [0.258s]
Deallocating memory...  [0s]
Processing query block 1, reference block 1/1, shape 2/16, index chunk 2/4.
Building reference seed array...  [0.034s]
Building query seed array...  [0.04s]
Computing hash join...  [0.018s]
Masking low complexity seeds...  [0.014s]
Searching alignments...  [0.274s]
Deallocating memory...  [0s]
Processing query block 1, reference block 1/1, shape 2/16, index chunk 3/4.
Building reference seed array...  [0.04s]
Building query seed array...  [0.023s]
Computing hash join...  [0.018s]
Masking low complexity seeds...  [0.013s]
Searching alignments...  [0.277s]
Deallocating memory...  [0s]
Processing query block 1, reference block 1/1, shape 2/16, index chunk 4/4.
Building reference seed array...  [0.046s]
Building query seed array...  [0.035s]
Computing hash join...  [0.016s]
Masking low complexity seeds...  [0.018s]
Searching alignments...  [0.31s]
Deallocating memory...  [0s]
Processing query block 1, reference block 1/1, shape 3/16, index chunk 1/4.
Building reference seed array...  [0.044s]
Building query seed array...  [0.079s]
Computing hash join...  [0.057s]
Masking low complexity seeds...  [0.023s]
Searching alignments...  [0.451s]
Deallocating memory...  [0s]
Processing query block 1, reference block 1/1, shape 3/16, index chunk 2/4.
Building reference seed array...  [0.032s]
Building query seed array...  [0.047s]
Computing hash join...  [0.015s]
Masking low complexity seeds...  [0.011s]
Searching alignments...  [0.256s]
Deallocating memory...  [0s]
Processing query block 1, reference block 1/1, shape 3/16, index chunk 3/4.
Building reference seed array...  [0.047s]
Building query seed array...  [0.055s]
Computing hash join...  [0.014s]
Masking low complexity seeds...  [0.015s]
Searching alignments...  [0.245s]
Deallocating memory...  [0s]
Processing query block 1, reference block 1/1, shape 3/16, index chunk 4/4.
Building reference seed array...  [0.058s]
Building query seed array...  [0.07s]
Computing hash join...  [0.013s]
Masking low complexity seeds...  [0.01s]
Searching alignments...  [0.253s]
Deallocating memory...  [0s]
Processing query block 1, reference block 1/1, shape 4/16, index chunk 1/4.
Building reference seed array...  [0.046s]
Building query seed array...  [0.047s]
Computing hash join...  [0.011s]
Masking low complexity seeds...  [0.013s]
Searching alignments...  [0.27s]
Deallocating memory...  [0s]
Processing query block 1, reference block 1/1, shape 4/16, index chunk 2/4.
Building reference seed array...  [0.068s]
Building query seed array...  [0.038s]
Computing hash join...  [0.012s]
Masking low complexity seeds...  [0.015s]
Searching alignments...  [0.285s]
Deallocating memory...  [0s]
Processing query block 1, reference block 1/1, shape 4/16, index chunk 3/4.
Building reference seed array...  [0.042s]
Building query seed array...  [0.05s]
Computing hash join...  [0.01s]
Masking low complexity seeds...  [0.01s]
Searching alignments...  [0.239s]
Deallocating memory...  [0s]
Processing query block 1, reference block 1/1, shape 4/16, index chunk 4/4.
Building reference seed array...  [0.034s]
Building query seed array...  [0.042s]
Computing hash join...  [0.014s]
Masking low complexity seeds...  [0.021s]
Searching alignments...  [0.249s]
Deallocating memory...  [0s]
Processing query block 1, reference block 1/1, shape 5/16, index chunk 1/4.
Building reference seed array...  [0.036s]
Building query seed array...  [0.034s]
Computing hash join...  [0.012s]
Masking low complexity seeds...  [0.015s]
Searching alignments...  [0.289s]
Deallocating memory...  [0s]
Processing query block 1, reference block 1/1, shape 5/16, index chunk 2/4.
Building reference seed array...  [0.05s]
Building query seed array...  [0.047s]
Computing hash join...  [0.015s]
Masking low complexity seeds...  [0.012s]
Searching alignments...  [0.274s]
Deallocating memory...  [0s]
Processing query block 1, reference block 1/1, shape 5/16, index chunk 3/4.
Building reference seed array...  [0.039s]
Building query seed array...  [0.049s]
Computing hash join...  [0.015s]
Masking low complexity seeds...  [0.014s]
Searching alignments...  [0.278s]
Deallocating memory...  [0s]
Processing query block 1, reference block 1/1, shape 5/16, index chunk 4/4.
Building reference seed array...  [0.058s]
Building query seed array...  [0.055s]
Computing hash join...  [0.011s]
Masking low complexity seeds...  [0.012s]
Searching alignments...  [0.233s]
Deallocating memory...  [0s]
Processing query block 1, reference block 1/1, shape 6/16, index chunk 1/4.
Building reference seed array...  [0.046s]
Building query seed array...  [0.049s]
Computing hash join...  [0.014s]
Masking low complexity seeds...  [0.017s]
Searching alignments...  [0.282s]
Deallocating memory...  [0s]
Processing query block 1, reference block 1/1, shape 6/16, index chunk 2/4.
Building reference seed array...  [0.04s]
Building query seed array...  [0.032s]
Computing hash join...  [0.012s]
Masking low complexity seeds...  [0.013s]
Searching alignments...  [0.268s]
Deallocating memory...  [0s]
Processing query block 1, reference block 1/1, shape 6/16, index chunk 3/4.
Building reference seed array...  [0.074s]
Building query seed array...  [0.056s]
Computing hash join...  [0.011s]
Masking low complexity seeds...  [0.017s]
Searching alignments...  [0.284s]
Deallocating memory...  [0s]
Processing query block 1, reference block 1/1, shape 6/16, index chunk 4/4.
Building reference seed array...  [0.032s]
Building query seed array...  [0.032s]
Computing hash join...  [0.01s]
Masking low complexity seeds...  [0.015s]
Searching alignments...  [0.27s]
Deallocating memory...  [0s]
Processing query block 1, reference block 1/1, shape 7/16, index chunk 1/4.
Building reference seed array...  [0.04s]
Building query seed array...  [0.037s]
Computing hash join...  [0.015s]
Masking low complexity seeds...  [0.011s]
Searching alignments...  [0.253s]
Deallocating memory...  [0s]
Processing query block 1, reference block 1/1, shape 7/16, index chunk 2/4.
Building reference seed array...  [0.05s]
Building query seed array...  [0.039s]
Computing hash join...  [0.012s]
Masking low complexity seeds...  [0.012s]
Searching alignments...  [0.245s]
Deallocating memory...  [0s]
Processing query block 1, reference block 1/1, shape 7/16, index chunk 3/4.
Building reference seed array...  [0.048s]
Building query seed array...  [0.044s]
Computing hash join...  [0.018s]
Masking low complexity seeds...  [0.014s]
Searching alignments...  [0.334s]
Deallocating memory...  [0s]
Processing query block 1, reference block 1/1, shape 7/16, index chunk 4/4.
Building reference seed array...  [0.035s]
Building query seed array...  [0.039s]
Computing hash join...  [0.019s]
Masking low complexity seeds...  [0.035s]
Searching alignments...  [0.279s]
Deallocating memory...  [0s]
Processing query block 1, reference block 1/1, shape 8/16, index chunk 1/4.
Building reference seed array...  [0.031s]
Building query seed array...  [0.038s]
Computing hash join...  [0.02s]
Masking low complexity seeds...  [0.016s]
Searching alignments...  [0.287s]
Deallocating memory...  [0s]
Processing query block 1, reference block 1/1, shape 8/16, index chunk 2/4.
Building reference seed array...  [0.04s]
Building query seed array...  [0.053s]
Computing hash join...  [0.013s]
Masking low complexity seeds...  [0.015s]
Searching alignments...  [0.24s]
Deallocating memory...  [0s]
Processing query block 1, reference block 1/1, shape 8/16, index chunk 3/4.
Building reference seed array...  [0.048s]
Building query seed array...  [0.044s]
Computing hash join...  [0.018s]
Masking low complexity seeds...  [0.015s]
Searching alignments...  [0.256s]
Deallocating memory...  [0s]
Processing query block 1, reference block 1/1, shape 8/16, index chunk 4/4.
Building reference seed array...  [0.031s]
Building query seed array...  [0.041s]
Computing hash join...  [0.029s]
Masking low complexity seeds...  [0.029s]
Searching alignments...  [0.277s]
Deallocating memory...  [0s]
Processing query block 1, reference block 1/1, shape 9/16, index chunk 1/4.
Building reference seed array...  [0.063s]
Building query seed array...  [0.046s]
Computing hash join...  [0.015s]
Masking low complexity seeds...  [0.02s]
Searching alignments...  [0.309s]
Deallocating memory...  [0s]
Processing query block 1, reference block 1/1, shape 9/16, index chunk 2/4.
Building reference seed array...  [0.053s]
Building query seed array...  [0.057s]
Computing hash join...  [0.02s]
Masking low complexity seeds...  [0.015s]
Searching alignments...  [0.428s]
Deallocating memory...  [0s]
Processing query block 1, reference block 1/1, shape 9/16, index chunk 3/4.
Building reference seed array...  [0.069s]
Building query seed array...  [0.051s]
Computing hash join...  [0.021s]
Masking low complexity seeds...  [0.016s]
Searching alignments...  [0.3s]
Deallocating memory...  [0s]
Processing query block 1, reference block 1/1, shape 9/16, index chunk 4/4.
Building reference seed array...  [0.049s]
Building query seed array...  [0.036s]
Computing hash join...  [0.017s]
Masking low complexity seeds...  [0.019s]
Searching alignments...  [0.259s]
Deallocating memory...  [0s]
Processing query block 1, reference block 1/1, shape 10/16, index chunk 1/4.
Building reference seed array...  [0.031s]
Building query seed array...  [0.05s]
Computing hash join...  [0.02s]
Masking low complexity seeds...  [0.015s]
Searching alignments...  [0.392s]
Deallocating memory...  [0s]
Processing query block 1, reference block 1/1, shape 10/16, index chunk 2/4.
Building reference seed array...  [0.043s]
Building query seed array...  [0.09s]
Computing hash join...  [0.02s]
Masking low complexity seeds...  [0.015s]
Searching alignments...  [0.397s]
Deallocating memory...  [0s]
Processing query block 1, reference block 1/1, shape 10/16, index chunk 3/4.
Building reference seed array...  [0.033s]
Building query seed array...  [0.038s]
Computing hash join...  [0.016s]
Masking low complexity seeds...  [0.019s]
Searching alignments...  [0.356s]
Deallocating memory...  [0s]
Processing query block 1, reference block 1/1, shape 10/16, index chunk 4/4.
Building reference seed array...  [0.046s]
Building query seed array...  [0.04s]
Computing hash join...  [0.013s]
Masking low complexity seeds...  [0.016s]
Searching alignments...  [0.315s]
Deallocating memory...  [0s]
Processing query block 1, reference block 1/1, shape 11/16, index chunk 1/4.
Building reference seed array...  [0.066s]
Building query seed array...  [0.053s]
Computing hash join...  [0.016s]
Masking low complexity seeds...  [0.017s]
Searching alignments...  [0.304s]
Deallocating memory...  [0s]
Processing query block 1, reference block 1/1, shape 11/16, index chunk 2/4.
Building reference seed array...  [0.048s]
Building query seed array...  [0.054s]
Computing hash join...  [0.013s]
Masking low complexity seeds...  [0.015s]
Searching alignments...  [0.31s]
Deallocating memory...  [0s]
Processing query block 1, reference block 1/1, shape 11/16, index chunk 3/4.
Building reference seed array...  [0.042s]
Building query seed array...  [0.05s]
Computing hash join...  [0.03s]
Masking low complexity seeds...  [0.017s]
Searching alignments...  [0.307s]
Deallocating memory...  [0s]
Processing query block 1, reference block 1/1, shape 11/16, index chunk 4/4.
Building reference seed array...  [0.042s]
Building query seed array...  [0.046s]
Computing hash join...  [0.018s]
Masking low complexity seeds...  [0.015s]
Searching alignments...  [0.27s]
Deallocating memory...  [0s]
Processing query block 1, reference block 1/1, shape 12/16, index chunk 1/4.
Building reference seed array...  [0.042s]
Building query seed array...  [0.052s]
Computing hash join...  [0.012s]
Masking low complexity seeds...  [0.02s]
Searching alignments...  [0.321s]
Deallocating memory...  [0s]
Processing query block 1, reference block 1/1, shape 12/16, index chunk 2/4.
Building reference seed array...  [0.058s]
Building query seed array...  [0.058s]
Computing hash join...  [0.012s]
Masking low complexity seeds...  [0.016s]
Searching alignments...  [0.346s]
Deallocating memory...  [0s]
Processing query block 1, reference block 1/1, shape 12/16, index chunk 3/4.
Building reference seed array...  [0.04s]
Building query seed array...  [0.069s]
Computing hash join...  [0.016s]
Masking low complexity seeds...  [0.011s]
Searching alignments...  [0.266s]
Deallocating memory...  [0s]
Processing query block 1, reference block 1/1, shape 12/16, index chunk 4/4.
Building reference seed array...  [0.047s]
Building query seed array...  [0.034s]
Computing hash join...  [0.021s]
Masking low complexity seeds...  [0.026s]
Searching alignments...  [0.26s]
Deallocating memory...  [0s]
Processing query block 1, reference block 1/1, shape 13/16, index chunk 1/4.
Building reference seed array...  [0.035s]
Building query seed array...  [0.043s]
Computing hash join...  [0.019s]
Masking low complexity seeds...  [0.019s]
Searching alignments...  [0.328s]
Deallocating memory...  [0s]
Processing query block 1, reference block 1/1, shape 13/16, index chunk 2/4.
Building reference seed array...  [0.037s]
Building query seed array...  [0.068s]
Computing hash join...  [0.019s]
Masking low complexity seeds...  [0.017s]
Searching alignments...  [0.27s]
Deallocating memory...  [0s]
Processing query block 1, reference block 1/1, shape 13/16, index chunk 3/4.
Building reference seed array...  [0.055s]
Building query seed array...  [0.055s]
Computing hash join...  [0.009s]
Masking low complexity seeds...  [0.016s]
Searching alignments...  [0.271s]
Deallocating memory...  [0s]
Processing query block 1, reference block 1/1, shape 13/16, index chunk 4/4.
Building reference seed array...  [0.035s]
Building query seed array...  [0.033s]
Computing hash join...  [0.025s]
Masking low complexity seeds...  [0.026s]
Searching alignments...  [0.336s]
Deallocating memory...  [0s]
Processing query block 1, reference block 1/1, shape 14/16, index chunk 1/4.
Building reference seed array...  [0.046s]
Building query seed array...  [0.034s]
Computing hash join...  [0.017s]
Masking low complexity seeds...  [0.016s]
Searching alignments...  [0.361s]
Deallocating memory...  [0s]
Processing query block 1, reference block 1/1, shape 14/16, index chunk 2/4.
Building reference seed array...  [0.042s]
Building query seed array...  [0.041s]
Computing hash join...  [0.016s]
Masking low complexity seeds...  [0.02s]
Searching alignments...  [0.329s]
Deallocating memory...  [0s]
Processing query block 1, reference block 1/1, shape 14/16, index chunk 3/4.
Building reference seed array...  [0.06s]
Building query seed array...  [0.06s]
Computing hash join...  [0.02s]
Masking low complexity seeds...  [0.02s]
Searching alignments...  [0.369s]
Deallocating memory...  [0s]
Processing query block 1, reference block 1/1, shape 14/16, index chunk 4/4.
Building reference seed array...  [0.053s]
Building query seed array...  [0.058s]
Computing hash join...  [0.013s]
Masking low complexity seeds...  [0.015s]
Searching alignments...  [0.293s]
Deallocating memory...  [0s]
Processing query block 1, reference block 1/1, shape 15/16, index chunk 1/4.
Building reference seed array...  [0.034s]
Building query seed array...  [0.05s]
Computing hash join...  [0.012s]
Masking low complexity seeds...  [0.019s]
Searching alignments...  [0.297s]
Deallocating memory...  [0s]
Processing query block 1, reference block 1/1, shape 15/16, index chunk 2/4.
Building reference seed array...  [0.047s]
Building query seed array...  [0.05s]
Computing hash join...  [0.011s]
Masking low complexity seeds...  [0.013s]
Searching alignments...  [0.274s]
Deallocating memory...  [0s]
Processing query block 1, reference block 1/1, shape 15/16, index chunk 3/4.
Building reference seed array...  [0.04s]
Building query seed array...  [0.039s]
Computing hash join...  [0.011s]
Masking low complexity seeds...  [0.028s]
Searching alignments...  [0.254s]
Deallocating memory...  [0s]
Processing query block 1, reference block 1/1, shape 15/16, index chunk 4/4.
Building reference seed array...  [0.033s]
Building query seed array...  [0.037s]
Computing hash join...  [0.013s]
Masking low complexity seeds...  [0.019s]
Searching alignments...  [0.296s]
Deallocating memory...  [0s]
Processing query block 1, reference block 1/1, shape 16/16, index chunk 1/4.
Building reference seed array...  [0.045s]
Building query seed array...  [0.054s]
Computing hash join...  [0.02s]
Masking low complexity seeds...  [0.017s]
Searching alignments...  [0.313s]
Deallocating memory...  [0s]
Processing query block 1, reference block 1/1, shape 16/16, index chunk 2/4.
Building reference seed array...  [0.066s]
Building query seed array...  [0.051s]
Computing hash join...  [0.01s]
Masking low complexity seeds...  [0.014s]
Searching alignments...  [0.267s]
Deallocating memory...  [0s]
Processing query block 1, reference block 1/1, shape 16/16, index chunk 3/4.
Building reference seed array...  [0.063s]
Building query seed array...  [0.073s]
Computing hash join...  [0.019s]
Masking low complexity seeds...  [0.02s]
Searching alignments...  [0.326s]
Deallocating memory...  [0s]
Processing query block 1, reference block 1/1, shape 16/16, index chunk 4/4.
Building reference seed array...  [0.042s]
Building query seed array...  [0.033s]
Computing hash join...  [0.015s]
Masking low complexity seeds...  [0.026s]
Searching alignments...  [0.284s]
Deallocating memory...  [0s]
Deallocating buffers...  [0s]
Clearing query masking...  [0.037s]
Computing alignments... Loading trace points...  [0.036s]
Sorting trace points...  [0.012s]
Computing alignments...  [4.254s]
Deallocating buffers...  [0s]
Loading trace points...  [0s]
 [4.315s]
Deallocating reference...  [0s]
Loading reference sequences...  [0s]
Deallocating buffers...  [0s]
Deallocating queries...  [0s]
Loading query sequences...  [0s]
Closing the input file...  [0s]
Closing the output file...  [0.001s]
Closing the database...  [0s]
Cleaning up...  [0s]
Total time = 32.872s
Reported 23608 pairwise alignments, 23608 HSPs.
8396 queries aligned.
DONE dendrobatidis: /bigdata/stajichlab/shared/projects/Chytrid/Bd_massspec/Batrachochytrium_MS/analysis/genome_bioactivity_linkage/results/duplication_check/dendrobatidis/self.blastp.tsv
query proteins with a non-self hit: 4463
NEAR-DUPLICATES (>=90% id, >=80% query cov): 1234 proteins have one
STRICT DUPLICATES (>=95% id, >=90% query cov): 966 proteins have one
            qseqid             sseqid  pident  query_cov        evalue
FCC698BD_000004-T1 FCC698BD_006266-T1    90.6        1.0  0.000000e+00
FCC698BD_000005-T1 FCC698BD_000009-T1    95.3        1.0 1.700000e-117
FCC698BD_000008-T1 FCC698BD_004020-T1    98.1        1.0  6.920000e-66
FCC698BD_000009-T1 FCC698BD_000005-T1    95.3        1.0 8.450000e-118
FCC698BD_000067-T1 FCC698BD_004186-T1   100.0        1.0 1.390000e-228
FCC698BD_000068-T1 FCC698BD_004185-T1    99.5        1.0 1.470000e-134
FCC698BD_000097-T1 FCC698BD_006041-T1    99.7        1.0  0.000000e+00
FCC698BD_000114-T1 FCC698BD_008110-T1    99.7        1.0 1.920000e-257
FCC698BD_000118-T1 FCC698BD_008109-T1    99.6        1.0  0.000000e+00
FCC698BD_000119-T1 FCC698BD_008108-T1    99.7        1.0  0.000000e+00
FCC698BD_000120-T1 FCC698BD_008107-T1    98.5        1.0 8.460000e-135
FCC698BD_000242-T1 FCC698BD_000528-T1    90.5        1.0  0.000000e+00
FCC698BD_000254-T1 FCC698BD_000266-T1    99.5        1.0 1.770000e-299
FCC698BD_000266-T1 FCC698BD_000254-T1    99.5        1.0 3.050000e-300
FCC698BD_000267-T1 FCC698BD_000281-T1   100.0        1.0  1.610000e-60
ALLDONE dendrobatidis
