diamond v2.1.24.178 (C) Max Planck Society for the Advancement of Science, Benjamin J. Buchfink, University of Tuebingen
Documentation, support and updates available at http://www.diamondsearch.org
Please cite: http://dx.doi.org/10.1038/s41592-021-01101-x Nature Methods (2021)

#CPU threads: 96
Scoring parameters: (Matrix=BLOSUM62 Lambda=0.267 K=0.041 Penalties=11/1)
Database input file: /bigdata/stajichlab/shared/projects/BFD/Fungi_BFD_runs/genome_annotation/Batrachochytrium_dendrobatidis_JEL423/predict_results/Batrachochytrium_dendrobatidis_JEL423.proteins.fa
Opening the database file...  [0.058s]
Loading sequences...  [0.025s]
Masking sequences...  [0.291s]
Writing sequences...  [0.004s]
Hashing sequences...  [0.001s]
Loading sequences...  [0s]
Writing trailer...  [0s]
Closing the input file...  [0s]
Closing the database file...  [0s]

Database sequences  8396
  Database letters  4355391
     Database hash  648a37d1905cd50f2ecbcf72ad2c3e9f
        Total time  0.381000s
diamond v2.1.24.178 (C) Max Planck Society for the Advancement of Science, Benjamin J. Buchfink, University of Tuebingen
Documentation, support and updates available at http://www.diamondsearch.org
Please cite: http://dx.doi.org/10.1038/s41592-021-01101-x Nature Methods (2021)

#CPU threads: 96
Scoring parameters: (Matrix=BLOSUM62 Lambda=0.267 K=0.041 Penalties=11/1)
Database input file: /bigdata/stajichlab/shared/projects/Chytrid/Bd_massspec/Batrachochytrium_MS/analysis/genome_bioactivity_linkage/results/reference_annotation/dendrobatidis/protein.faa
Opening the database file...  [0.059s]
Loading sequences...  [0.028s]
Masking sequences...  [0.277s]
Writing sequences...  [0.003s]
Hashing sequences...  [0.001s]
Loading sequences...  [0s]
Writing trailer...  [0s]
Closing the input file...  [0s]
Closing the database file...  [0s]

Database sequences  8588
  Database letters  4760899
     Database hash  0e35d4bd2160789386fe274bd02a3b93
        Total time  0.371000s
diamond v2.1.24.178 (C) Max Planck Society for the Advancement of Science, Benjamin J. Buchfink, University of Tuebingen
Documentation, support and updates available at http://www.diamondsearch.org
Please cite: http://dx.doi.org/10.1038/s41592-021-01101-x Nature Methods (2021)

#CPU threads: 8
Scoring parameters: (Matrix=BLOSUM62 Lambda=0.267 K=0.041 Penalties=11/1)
Temporary directory: /bigdata/stajichlab/shared/projects/Chytrid/Bd_massspec/Batrachochytrium_MS/analysis/genome_bioactivity_linkage/results/rbh/dendrobatidis
#Target sequences to report alignments for: 5
Opening the database...  [0.004s]
Database: /bigdata/stajichlab/shared/projects/Chytrid/Bd_massspec/Batrachochytrium_MS/analysis/genome_bioactivity_linkage/results/rbh/dendrobatidis/ref_db (type: Diamond database, sequences: 8588, letters: 4760899)
Block size = 2000000000
Opening the input file...  [0.002s]
Opening the output file...  [0s]
Loading query sequences...  [0.025s]
Masking queries...  [0.051s]
Algorithm: Double-indexed
Building query histograms...  [0.043s]
Seeking in database...  [0s]
Loading reference sequences...  [0.008s]
Masking reference...  [0.05s]
Initializing temporary storage...  [0.004s]
Building reference histograms...  [0.045s]
Allocating buffers...  [0s]
Processing query block 1, reference block 1/1, shape 1/2, index chunk 1/4.
Building reference seed array...  [0.017s]
Building query seed array...  [0.016s]
Computing hash join...  [0.005s]
Masking low complexity seeds...  [0.006s]
Searching alignments...  [0.12s]
Deallocating memory...  [0s]
Processing query block 1, reference block 1/1, shape 1/2, index chunk 2/4.
Building reference seed array...  [0.018s]
Building query seed array...  [0.017s]
Computing hash join...  [0.005s]
Masking low complexity seeds...  [0.006s]
Searching alignments...  [0.095s]
Deallocating memory...  [0s]
Processing query block 1, reference block 1/1, shape 1/2, index chunk 3/4.
Building reference seed array...  [0.018s]
Building query seed array...  [0.016s]
Computing hash join...  [0.005s]
Masking low complexity seeds...  [0.006s]
Searching alignments...  [0.089s]
Deallocating memory...  [0s]
Processing query block 1, reference block 1/1, shape 1/2, index chunk 4/4.
Building reference seed array...  [0.015s]
Building query seed array...  [0.015s]
Computing hash join...  [0.005s]
Masking low complexity seeds...  [0.006s]
Searching alignments...  [0.086s]
Deallocating memory...  [0s]
Processing query block 1, reference block 1/1, shape 2/2, index chunk 1/4.
Building reference seed array...  [0.015s]
Building query seed array...  [0.015s]
Computing hash join...  [0.005s]
Masking low complexity seeds...  [0.006s]
Searching alignments...  [0.102s]
Deallocating memory...  [0s]
Processing query block 1, reference block 1/1, shape 2/2, index chunk 2/4.
Building reference seed array...  [0.021s]
Building query seed array...  [0.019s]
Computing hash join...  [0.005s]
Masking low complexity seeds...  [0.006s]
Searching alignments...  [0.096s]
Deallocating memory...  [0s]
Processing query block 1, reference block 1/1, shape 2/2, index chunk 3/4.
Building reference seed array...  [0.019s]
Building query seed array...  [0.017s]
Computing hash join...  [0.005s]
Masking low complexity seeds...  [0.006s]
Searching alignments...  [0.095s]
Deallocating memory...  [0s]
Processing query block 1, reference block 1/1, shape 2/2, index chunk 4/4.
Building reference seed array...  [0.017s]
Building query seed array...  [0.015s]
Computing hash join...  [0.005s]
Masking low complexity seeds...  [0.006s]
Searching alignments...  [0.09s]
Deallocating memory...  [0s]
Deallocating buffers...  [0s]
Clearing query masking...  [0s]
Computing alignments...  [1.382s]
Deallocating reference...  [0s]
Loading reference sequences...  [0s]
Deallocating buffers...  [0s]
Deallocating queries...  [0s]
Loading query sequences...  [0s]
Closing the input file...  [0s]
Closing the output file...  [0s]
Closing the database...  [0s]
Cleaning up...  [0s]
Total time = 2.782s
Reported 16911 pairwise alignments, 16911 HSPs.
7933 queries aligned.
diamond v2.1.24.178 (C) Max Planck Society for the Advancement of Science, Benjamin J. Buchfink, University of Tuebingen
Documentation, support and updates available at http://www.diamondsearch.org
Please cite: http://dx.doi.org/10.1038/s41592-021-01101-x Nature Methods (2021)

#CPU threads: 8
Scoring parameters: (Matrix=BLOSUM62 Lambda=0.267 K=0.041 Penalties=11/1)
Temporary directory: /bigdata/stajichlab/shared/projects/Chytrid/Bd_massspec/Batrachochytrium_MS/analysis/genome_bioactivity_linkage/results/rbh/dendrobatidis
#Target sequences to report alignments for: 5
Opening the database...  [0.003s]
Database: /bigdata/stajichlab/shared/projects/Chytrid/Bd_massspec/Batrachochytrium_MS/analysis/genome_bioactivity_linkage/results/rbh/dendrobatidis/bfd_db (type: Diamond database, sequences: 8396, letters: 4355391)
Block size = 2000000000
Opening the input file...  [0.002s]
Opening the output file...  [0s]
Loading query sequences...  [0.027s]
Masking queries...  [0.056s]
Algorithm: Double-indexed
Building query histograms...  [0.045s]
Seeking in database...  [0s]
Loading reference sequences...  [0.007s]
Masking reference...  [0.046s]
Initializing temporary storage...  [0.003s]
Building reference histograms...  [0.043s]
Allocating buffers...  [0s]
Processing query block 1, reference block 1/1, shape 1/2, index chunk 1/4.
Building reference seed array...  [0.016s]
Building query seed array...  [0.017s]
Computing hash join...  [0.005s]
Masking low complexity seeds...  [0.006s]
Searching alignments...  [0.131s]
Deallocating memory...  [0s]
Processing query block 1, reference block 1/1, shape 1/2, index chunk 2/4.
Building reference seed array...  [0.022s]
Building query seed array...  [0.02s]
Computing hash join...  [0.005s]
Masking low complexity seeds...  [0.006s]
Searching alignments...  [0.102s]
Deallocating memory...  [0s]
Processing query block 1, reference block 1/1, shape 1/2, index chunk 3/4.
Building reference seed array...  [0.018s]
Building query seed array...  [0.018s]
Computing hash join...  [0.005s]
Masking low complexity seeds...  [0.006s]
Searching alignments...  [0.099s]
Deallocating memory...  [0s]
Processing query block 1, reference block 1/1, shape 1/2, index chunk 4/4.
Building reference seed array...  [0.016s]
Building query seed array...  [0.016s]
Computing hash join...  [0.005s]
Masking low complexity seeds...  [0.006s]
Searching alignments...  [0.093s]
Deallocating memory...  [0s]
Processing query block 1, reference block 1/1, shape 2/2, index chunk 1/4.
Building reference seed array...  [0.015s]
Building query seed array...  [0.016s]
Computing hash join...  [0.005s]
Masking low complexity seeds...  [0.006s]
Searching alignments...  [0.111s]
Deallocating memory...  [0s]
Processing query block 1, reference block 1/1, shape 2/2, index chunk 2/4.
Building reference seed array...  [0.018s]
Building query seed array...  [0.018s]
Computing hash join...  [0.005s]
Masking low complexity seeds...  [0.006s]
Searching alignments...  [0.102s]
Deallocating memory...  [0s]
Processing query block 1, reference block 1/1, shape 2/2, index chunk 3/4.
Building reference seed array...  [0.018s]
Building query seed array...  [0.018s]
Computing hash join...  [0.005s]
Masking low complexity seeds...  [0.006s]
Searching alignments...  [0.095s]
Deallocating memory...  [0s]
Processing query block 1, reference block 1/1, shape 2/2, index chunk 4/4.
Building reference seed array...  [0.016s]
Building query seed array...  [0.016s]
Computing hash join...  [0.005s]
Masking low complexity seeds...  [0.006s]
Searching alignments...  [0.095s]
Deallocating memory...  [0s]
Deallocating buffers...  [0s]
Clearing query masking...  [0s]
Computing alignments...  [1.528s]
Deallocating reference...  [0s]
Loading reference sequences...  [0s]
Deallocating buffers...  [0s]
Deallocating queries...  [0s]
Loading query sequences...  [0s]
Closing the input file...  [0s]
Closing the output file...  [0s]
Closing the database...  [0s]
Cleaning up...  [0s]
Total time = 2.986s
Reported 15933 pairwise alignments, 15933 HSPs.
8433 queries aligned.
DONE dendrobatidis: /bigdata/stajichlab/shared/projects/Chytrid/Bd_massspec/Batrachochytrium_MS/analysis/genome_bioactivity_linkage/results/rbh/dendrobatidis/fwd.tsv, /bigdata/stajichlab/shared/projects/Chytrid/Bd_massspec/Batrachochytrium_MS/analysis/genome_bioactivity_linkage/results/rbh/dendrobatidis/rev.tsv
diamond v2.1.24.178 (C) Max Planck Society for the Advancement of Science, Benjamin J. Buchfink, University of Tuebingen
Documentation, support and updates available at http://www.diamondsearch.org
Please cite: http://dx.doi.org/10.1038/s41592-021-01101-x Nature Methods (2021)

#CPU threads: 96
Scoring parameters: (Matrix=BLOSUM62 Lambda=0.267 K=0.041 Penalties=11/1)
Database input file: /bigdata/stajichlab/shared/projects/BFD/Fungi_BFD_runs/genome_annotation/Batrachochytrium_salamandrivorans_AMFP13/predict_results/Batrachochytrium_salamandrivorans_AMFP13.proteins.fa
Opening the database file...  [0.064s]
Loading sequences...  [0.046s]
Masking sequences...  [0.314s]
Writing sequences...  [0.005s]
Hashing sequences...  [0.001s]
Loading sequences...  [0s]
Writing trailer...  [0s]
Closing the input file...  [0s]
Closing the database file...  [0s]

Database sequences  19449
  Database letters  7717803
     Database hash  164ec1f0483be2f227bcebe3116244c7
        Total time  0.434000s
diamond v2.1.24.178 (C) Max Planck Society for the Advancement of Science, Benjamin J. Buchfink, University of Tuebingen
Documentation, support and updates available at http://www.diamondsearch.org
Please cite: http://dx.doi.org/10.1038/s41592-021-01101-x Nature Methods (2021)

#CPU threads: 96
Scoring parameters: (Matrix=BLOSUM62 Lambda=0.267 K=0.041 Penalties=11/1)
Database input file: /bigdata/stajichlab/shared/projects/Chytrid/Bd_massspec/Batrachochytrium_MS/analysis/genome_bioactivity_linkage/results/reference_annotation/salamandrivorans/protein.faa
Opening the database file...  [0.182s]
Loading sequences...  [0.032s]
Masking sequences...  [0.331s]
Writing sequences...  [0.003s]
Hashing sequences...  [0.001s]
Loading sequences...  [0s]
Writing trailer...  [0s]
Closing the input file...  [0s]
Closing the database file...  [0s]

Database sequences  10867
  Database letters  5452368
     Database hash  066af24d50383dc46876a54ccf2ca276
        Total time  0.552000s
diamond v2.1.24.178 (C) Max Planck Society for the Advancement of Science, Benjamin J. Buchfink, University of Tuebingen
Documentation, support and updates available at http://www.diamondsearch.org
Please cite: http://dx.doi.org/10.1038/s41592-021-01101-x Nature Methods (2021)

#CPU threads: 8
Scoring parameters: (Matrix=BLOSUM62 Lambda=0.267 K=0.041 Penalties=11/1)
Temporary directory: /bigdata/stajichlab/shared/projects/Chytrid/Bd_massspec/Batrachochytrium_MS/analysis/genome_bioactivity_linkage/results/rbh/salamandrivorans
#Target sequences to report alignments for: 5
Opening the database...  [0.005s]
Database: /bigdata/stajichlab/shared/projects/Chytrid/Bd_massspec/Batrachochytrium_MS/analysis/genome_bioactivity_linkage/results/rbh/salamandrivorans/ref_db (type: Diamond database, sequences: 10867, letters: 5452368)
Block size = 2000000000
Opening the input file...  [0.003s]
Opening the output file...  [0s]
Loading query sequences...  [0.045s]
Masking queries...  [0.087s]
Algorithm: Double-indexed
Building query histograms...  [0.071s]
Seeking in database...  [0s]
Loading reference sequences...  [0.009s]
Masking reference...  [0.057s]
Initializing temporary storage...  [0.003s]
Building reference histograms...  [0.051s]
Allocating buffers...  [0s]
Processing query block 1, reference block 1/1, shape 1/2, index chunk 1/4.
Building reference seed array...  [0.019s]
Building query seed array...  [0.026s]
Computing hash join...  [0.007s]
Masking low complexity seeds...  [0.006s]
Searching alignments...  [0.217s]
Deallocating memory...  [0s]
Processing query block 1, reference block 1/1, shape 1/2, index chunk 2/4.
Building reference seed array...  [0.02s]
Building query seed array...  [0.028s]
Computing hash join...  [0.007s]
Masking low complexity seeds...  [0.006s]
Searching alignments...  [0.175s]
Deallocating memory...  [0s]
Processing query block 1, reference block 1/1, shape 1/2, index chunk 3/4.
Building reference seed array...  [0.02s]
Building query seed array...  [0.029s]
Computing hash join...  [0.007s]
Masking low complexity seeds...  [0.006s]
Searching alignments...  [0.166s]
Deallocating memory...  [0s]
Processing query block 1, reference block 1/1, shape 1/2, index chunk 4/4.
Building reference seed array...  [0.018s]
Building query seed array...  [0.026s]
Computing hash join...  [0.007s]
Masking low complexity seeds...  [0.006s]
Searching alignments...  [0.161s]
Deallocating memory...  [0s]
Processing query block 1, reference block 1/1, shape 2/2, index chunk 1/4.
Building reference seed array...  [0.018s]
Building query seed array...  [0.025s]
Computing hash join...  [0.007s]
Masking low complexity seeds...  [0.006s]
Searching alignments...  [0.186s]
Deallocating memory...  [0s]
Processing query block 1, reference block 1/1, shape 2/2, index chunk 2/4.
Building reference seed array...  [0.021s]
Building query seed array...  [0.029s]
Computing hash join...  [0.007s]
Masking low complexity seeds...  [0.006s]
Searching alignments...  [0.17s]
Deallocating memory...  [0s]
Processing query block 1, reference block 1/1, shape 2/2, index chunk 3/4.
Building reference seed array...  [0.02s]
Building query seed array...  [0.028s]
Computing hash join...  [0.007s]
Masking low complexity seeds...  [0.006s]
Searching alignments...  [0.159s]
Deallocating memory...  [0s]
Processing query block 1, reference block 1/1, shape 2/2, index chunk 4/4.
Building reference seed array...  [0.018s]
Building query seed array...  [0.026s]
Computing hash join...  [0.007s]
Masking low complexity seeds...  [0.006s]
Searching alignments...  [0.154s]
Deallocating memory...  [0s]
Deallocating buffers...  [0s]
Clearing query masking...  [0s]
Computing alignments...  [2.898s]
Deallocating reference...  [0s]
Loading reference sequences...  [0s]
Deallocating buffers...  [0s]
Deallocating queries...  [0s]
Loading query sequences...  [0s]
Closing the input file...  [0s]
Closing the output file...  [0.001s]
Closing the database...  [0s]
Cleaning up...  [0s]
Total time = 5.132s
Reported 45278 pairwise alignments, 45278 HSPs.
16364 queries aligned.
diamond v2.1.24.178 (C) Max Planck Society for the Advancement of Science, Benjamin J. Buchfink, University of Tuebingen
Documentation, support and updates available at http://www.diamondsearch.org
Please cite: http://dx.doi.org/10.1038/s41592-021-01101-x Nature Methods (2021)

#CPU threads: 8
Scoring parameters: (Matrix=BLOSUM62 Lambda=0.267 K=0.041 Penalties=11/1)
Temporary directory: /bigdata/stajichlab/shared/projects/Chytrid/Bd_massspec/Batrachochytrium_MS/analysis/genome_bioactivity_linkage/results/rbh/salamandrivorans
#Target sequences to report alignments for: 5
Opening the database...  [0.006s]
Database: /bigdata/stajichlab/shared/projects/Chytrid/Bd_massspec/Batrachochytrium_MS/analysis/genome_bioactivity_linkage/results/rbh/salamandrivorans/bfd_db (type: Diamond database, sequences: 19449, letters: 7717803)
Block size = 2000000000
Opening the input file...  [0.002s]
Opening the output file...  [0s]
Loading query sequences...  [0.032s]
Masking queries...  [0.062s]
Algorithm: Double-indexed
Building query histograms...  [0.051s]
Seeking in database...  [0s]
Loading reference sequences...  [0.013s]
Masking reference...  [0.081s]
Initializing temporary storage...  [0.003s]
Building reference histograms...  [0.075s]
Allocating buffers...  [0s]
Processing query block 1, reference block 1/1, shape 1/2, index chunk 1/4.
Building reference seed array...  [0.028s]
Building query seed array...  [0.02s]
Computing hash join...  [0.007s]
Masking low complexity seeds...  [0.006s]
Searching alignments...  [0.219s]
Deallocating memory...  [0s]
Processing query block 1, reference block 1/1, shape 1/2, index chunk 2/4.
Building reference seed array...  [0.032s]
Building query seed array...  [0.022s]
Computing hash join...  [0.007s]
Masking low complexity seeds...  [0.006s]
Searching alignments...  [0.168s]
Deallocating memory...  [0s]
Processing query block 1, reference block 1/1, shape 1/2, index chunk 3/4.
Building reference seed array...  [0.031s]
Building query seed array...  [0.022s]
Computing hash join...  [0.007s]
Masking low complexity seeds...  [0.006s]
Searching alignments...  [0.156s]
Deallocating memory...  [0s]
Processing query block 1, reference block 1/1, shape 1/2, index chunk 4/4.
Building reference seed array...  [0.027s]
Building query seed array...  [0.019s]
Computing hash join...  [0.007s]
Masking low complexity seeds...  [0.006s]
Searching alignments...  [0.151s]
Deallocating memory...  [0s]
Processing query block 1, reference block 1/1, shape 2/2, index chunk 1/4.
Building reference seed array...  [0.026s]
Building query seed array...  [0.019s]
Computing hash join...  [0.007s]
Masking low complexity seeds...  [0.006s]
Searching alignments...  [0.177s]
Deallocating memory...  [0s]
Processing query block 1, reference block 1/1, shape 2/2, index chunk 2/4.
Building reference seed array...  [0.029s]
Building query seed array...  [0.022s]
Computing hash join...  [0.007s]
Masking low complexity seeds...  [0.006s]
Searching alignments...  [0.162s]
Deallocating memory...  [0s]
Processing query block 1, reference block 1/1, shape 2/2, index chunk 3/4.
Building reference seed array...  [0.029s]
Building query seed array...  [0.021s]
Computing hash join...  [0.007s]
Masking low complexity seeds...  [0.006s]
Searching alignments...  [0.15s]
Deallocating memory...  [0s]
Processing query block 1, reference block 1/1, shape 2/2, index chunk 4/4.
Building reference seed array...  [0.026s]
Building query seed array...  [0.019s]
Computing hash join...  [0.007s]
Masking low complexity seeds...  [0.006s]
Searching alignments...  [0.146s]
Deallocating memory...  [0s]
Deallocating buffers...  [0s]
Clearing query masking...  [0s]
Computing alignments...  [2.458s]
Deallocating reference...  [0s]
Loading reference sequences...  [0s]
Deallocating buffers...  [0s]
Deallocating queries...  [0s]
Loading query sequences...  [0s]
Closing the input file...  [0s]
Closing the output file...  [0s]
Closing the database...  [0s]
Cleaning up...  [0s]
Total time = 4.641s
Reported 30355 pairwise alignments, 30355 HSPs.
10750 queries aligned.
DONE salamandrivorans: /bigdata/stajichlab/shared/projects/Chytrid/Bd_massspec/Batrachochytrium_MS/analysis/genome_bioactivity_linkage/results/rbh/salamandrivorans/fwd.tsv, /bigdata/stajichlab/shared/projects/Chytrid/Bd_massspec/Batrachochytrium_MS/analysis/genome_bioactivity_linkage/results/rbh/salamandrivorans/rev.tsv
