salamandrivorans: 19449 proteins from /bigdata/stajichlab/shared/projects/BFD/Fungi_BFD_runs/genome_annotation/Batrachochytrium_salamandrivorans_AMFP13/predict_results/Batrachochytrium_salamandrivorans_AMFP13.proteins.fa
diamond v2.1.7.161 (C) Max Planck Society for the Advancement of Science
Documentation, support and updates available at http://www.diamondsearch.org
Please cite: http://dx.doi.org/10.1038/s41592-021-01101-x Nature Methods (2021)

#CPU threads: 8
Scoring parameters: (Matrix=BLOSUM62 Lambda=0.267 K=0.041 Penalties=11/1)
Temporary directory: /bigdata/stajichlab/shared/projects/Chytrid/Bd_massspec/Batrachochytrium_MS/analysis/genome_bioactivity_linkage/results/duplication_check/salamandrivorans
#Target sequences to report alignments for: 6
Opening the database...  [0.014s]
Database: /bigdata/stajichlab/shared/projects/Chytrid/Bd_massspec/Batrachochytrium_MS/analysis/genome_bioactivity_linkage/results/duplication_check/salamandrivorans/db (type: Diamond database, sequences: 19449, letters: 7717803)
Block size = 2000000000
Opening the input file...  [0.007s]
Opening the output file...  [0s]
Loading query sequences...  [0.049s]
Masking queries...  [0.182s]
Algorithm: Double-indexed
Building query histograms...  [0.483s]
Seeking in database...  [0s]
Loading reference sequences...  [0.023s]
Masking reference...  [0.18s]
Initializing temporary storage...  [0.006s]
Building reference histograms...  [0.483s]
Allocating buffers...  [0.001s]
Processing query block 1, reference block 1/1, shape 1/16, index chunk 1/4.
Building reference seed array...  [0.04s]
Building query seed array...  [0.04s]
Computing hash join...  [0.019s]
Masking low complexity seeds...  [0.01s]
Searching alignments...  [1.589s]
Deallocating memory...  [0s]
Processing query block 1, reference block 1/1, shape 1/16, index chunk 2/4.
Building reference seed array...  [0.041s]
Building query seed array...  [0.042s]
Computing hash join...  [0.018s]
Masking low complexity seeds...  [0.011s]
Searching alignments...  [1.114s]
Deallocating memory...  [0s]
Processing query block 1, reference block 1/1, shape 1/16, index chunk 3/4.
Building reference seed array...  [0.045s]
Building query seed array...  [0.043s]
Computing hash join...  [0.018s]
Masking low complexity seeds...  [0.01s]
Searching alignments...  [1.064s]
Deallocating memory...  [0s]
Processing query block 1, reference block 1/1, shape 1/16, index chunk 4/4.
Building reference seed array...  [0.036s]
Building query seed array...  [0.037s]
Computing hash join...  [0.018s]
Masking low complexity seeds...  [0.011s]
Searching alignments...  [1.052s]
Deallocating memory...  [0s]
Processing query block 1, reference block 1/1, shape 2/16, index chunk 1/4.
Building reference seed array...  [0.038s]
Building query seed array...  [0.036s]
Computing hash join...  [0.018s]
Masking low complexity seeds...  [0.011s]
Searching alignments...  [1.143s]
Deallocating memory...  [0s]
Processing query block 1, reference block 1/1, shape 2/16, index chunk 2/4.
Building reference seed array...  [0.041s]
Building query seed array...  [0.041s]
Computing hash join...  [0.018s]
Masking low complexity seeds...  [0.011s]
Searching alignments...  [1.022s]
Deallocating memory...  [0s]
Processing query block 1, reference block 1/1, shape 2/16, index chunk 3/4.
Building reference seed array...  [0.043s]
Building query seed array...  [0.043s]
Computing hash join...  [0.018s]
Masking low complexity seeds...  [0.011s]
Searching alignments...  [0.995s]
Deallocating memory...  [0s]
Processing query block 1, reference block 1/1, shape 2/16, index chunk 4/4.
Building reference seed array...  [0.035s]
Building query seed array...  [0.036s]
Computing hash join...  [0.018s]
Masking low complexity seeds...  [0.011s]
Searching alignments...  [1.009s]
Deallocating memory...  [0s]
Processing query block 1, reference block 1/1, shape 3/16, index chunk 1/4.
Building reference seed array...  [0.037s]
Building query seed array...  [0.043s]
Computing hash join...  [0.018s]
Masking low complexity seeds...  [0.01s]
Searching alignments...  [1.196s]
Deallocating memory...  [0s]
Processing query block 1, reference block 1/1, shape 3/16, index chunk 2/4.
Building reference seed array...  [0.041s]
Building query seed array...  [0.041s]
Computing hash join...  [0.018s]
Masking low complexity seeds...  [0.011s]
Searching alignments...  [1.031s]
Deallocating memory...  [0s]
Processing query block 1, reference block 1/1, shape 3/16, index chunk 3/4.
Building reference seed array...  [0.043s]
Building query seed array...  [0.043s]
Computing hash join...  [0.019s]
Masking low complexity seeds...  [0.01s]
Searching alignments...  [1.032s]
Deallocating memory...  [0s]
Processing query block 1, reference block 1/1, shape 3/16, index chunk 4/4.
Building reference seed array...  [0.036s]
Building query seed array...  [0.036s]
Computing hash join...  [0.018s]
Masking low complexity seeds...  [0.011s]
Searching alignments...  [0.967s]
Deallocating memory...  [0s]
Processing query block 1, reference block 1/1, shape 4/16, index chunk 1/4.
Building reference seed array...  [0.037s]
Building query seed array...  [0.037s]
Computing hash join...  [0.018s]
Masking low complexity seeds...  [0.01s]
Searching alignments...  [1.19s]
Deallocating memory...  [0s]
Processing query block 1, reference block 1/1, shape 4/16, index chunk 2/4.
Building reference seed array...  [0.04s]
Building query seed array...  [0.041s]
Computing hash join...  [0.018s]
Masking low complexity seeds...  [0.011s]
Searching alignments...  [1.072s]
Deallocating memory...  [0s]
Processing query block 1, reference block 1/1, shape 4/16, index chunk 3/4.
Building reference seed array...  [0.043s]
Building query seed array...  [0.043s]
Computing hash join...  [0.018s]
Masking low complexity seeds...  [0.01s]
Searching alignments...  [1.04s]
Deallocating memory...  [0s]
Processing query block 1, reference block 1/1, shape 4/16, index chunk 4/4.
Building reference seed array...  [0.036s]
Building query seed array...  [0.036s]
Computing hash join...  [0.018s]
Masking low complexity seeds...  [0.011s]
Searching alignments...  [0.964s]
Deallocating memory...  [0s]
Processing query block 1, reference block 1/1, shape 5/16, index chunk 1/4.
Building reference seed array...  [0.036s]
Building query seed array...  [0.036s]
Computing hash join...  [0.018s]
Masking low complexity seeds...  [0.01s]
Searching alignments...  [1.115s]
Deallocating memory...  [0s]
Processing query block 1, reference block 1/1, shape 5/16, index chunk 2/4.
Building reference seed array...  [0.04s]
Building query seed array...  [0.041s]
Computing hash join...  [0.018s]
Masking low complexity seeds...  [0.011s]
Searching alignments...  [1.009s]
Deallocating memory...  [0s]
Processing query block 1, reference block 1/1, shape 5/16, index chunk 3/4.
Building reference seed array...  [0.043s]
Building query seed array...  [0.043s]
Computing hash join...  [0.018s]
Masking low complexity seeds...  [0.01s]
Searching alignments...  [1.051s]
Deallocating memory...  [0s]
Processing query block 1, reference block 1/1, shape 5/16, index chunk 4/4.
Building reference seed array...  [0.035s]
Building query seed array...  [0.036s]
Computing hash join...  [0.018s]
Masking low complexity seeds...  [0.011s]
Searching alignments...  [1.017s]
Deallocating memory...  [0s]
Processing query block 1, reference block 1/1, shape 6/16, index chunk 1/4.
Building reference seed array...  [0.037s]
Building query seed array...  [0.037s]
Computing hash join...  [0.018s]
Masking low complexity seeds...  [0.01s]
Searching alignments...  [1.152s]
Deallocating memory...  [0s]
Processing query block 1, reference block 1/1, shape 6/16, index chunk 2/4.
Building reference seed array...  [0.041s]
Building query seed array...  [0.041s]
Computing hash join...  [0.018s]
Masking low complexity seeds...  [0.011s]
Searching alignments...  [1.078s]
Deallocating memory...  [0s]
Processing query block 1, reference block 1/1, shape 6/16, index chunk 3/4.
Building reference seed array...  [0.043s]
Building query seed array...  [0.044s]
Computing hash join...  [0.018s]
Masking low complexity seeds...  [0.01s]
Searching alignments...  [0.931s]
Deallocating memory...  [0s]
Processing query block 1, reference block 1/1, shape 6/16, index chunk 4/4.
Building reference seed array...  [0.036s]
Building query seed array...  [0.036s]
Computing hash join...  [0.018s]
Masking low complexity seeds...  [0.011s]
Searching alignments...  [0.979s]
Deallocating memory...  [0s]
Processing query block 1, reference block 1/1, shape 7/16, index chunk 1/4.
Building reference seed array...  [0.037s]
Building query seed array...  [0.036s]
Computing hash join...  [0.018s]
Masking low complexity seeds...  [0.01s]
Searching alignments...  [1.122s]
Deallocating memory...  [0s]
Processing query block 1, reference block 1/1, shape 7/16, index chunk 2/4.
Building reference seed array...  [0.04s]
Building query seed array...  [0.04s]
Computing hash join...  [0.018s]
Masking low complexity seeds...  [0.011s]
Searching alignments...  [1.024s]
Deallocating memory...  [0s]
Processing query block 1, reference block 1/1, shape 7/16, index chunk 3/4.
Building reference seed array...  [0.043s]
Building query seed array...  [0.043s]
Computing hash join...  [0.018s]
Masking low complexity seeds...  [0.01s]
Searching alignments...  [1.024s]
Deallocating memory...  [0s]
Processing query block 1, reference block 1/1, shape 7/16, index chunk 4/4.
Building reference seed array...  [0.036s]
Building query seed array...  [0.036s]
Computing hash join...  [0.018s]
Masking low complexity seeds...  [0.011s]
Searching alignments...  [0.937s]
Deallocating memory...  [0s]
Processing query block 1, reference block 1/1, shape 8/16, index chunk 1/4.
Building reference seed array...  [0.037s]
Building query seed array...  [0.036s]
Computing hash join...  [0.018s]
Masking low complexity seeds...  [0.01s]
Searching alignments...  [1.098s]
Deallocating memory...  [0s]
Processing query block 1, reference block 1/1, shape 8/16, index chunk 2/4.
Building reference seed array...  [0.041s]
Building query seed array...  [0.041s]
Computing hash join...  [0.018s]
Masking low complexity seeds...  [0.011s]
Searching alignments...  [1.044s]
Deallocating memory...  [0s]
Processing query block 1, reference block 1/1, shape 8/16, index chunk 3/4.
Building reference seed array...  [0.044s]
Building query seed array...  [0.043s]
Computing hash join...  [0.018s]
Masking low complexity seeds...  [0.01s]
Searching alignments...  [0.975s]
Deallocating memory...  [0s]
Processing query block 1, reference block 1/1, shape 8/16, index chunk 4/4.
Building reference seed array...  [0.035s]
Building query seed array...  [0.036s]
Computing hash join...  [0.018s]
Masking low complexity seeds...  [0.011s]
Searching alignments...  [0.955s]
Deallocating memory...  [0s]
Processing query block 1, reference block 1/1, shape 9/16, index chunk 1/4.
Building reference seed array...  [0.037s]
Building query seed array...  [0.037s]
Computing hash join...  [0.018s]
Masking low complexity seeds...  [0.01s]
Searching alignments...  [1.171s]
Deallocating memory...  [0s]
Processing query block 1, reference block 1/1, shape 9/16, index chunk 2/4.
Building reference seed array...  [0.041s]
Building query seed array...  [0.041s]
Computing hash join...  [0.018s]
Masking low complexity seeds...  [0.011s]
Searching alignments...  [1.064s]
Deallocating memory...  [0s]
Processing query block 1, reference block 1/1, shape 9/16, index chunk 3/4.
Building reference seed array...  [0.043s]
Building query seed array...  [0.043s]
Computing hash join...  [0.018s]
Masking low complexity seeds...  [0.01s]
Searching alignments...  [0.981s]
Deallocating memory...  [0s]
Processing query block 1, reference block 1/1, shape 9/16, index chunk 4/4.
Building reference seed array...  [0.036s]
Building query seed array...  [0.036s]
Computing hash join...  [0.018s]
Masking low complexity seeds...  [0.011s]
Searching alignments...  [1.031s]
Deallocating memory...  [0s]
Processing query block 1, reference block 1/1, shape 10/16, index chunk 1/4.
Building reference seed array...  [0.037s]
Building query seed array...  [0.037s]
Computing hash join...  [0.018s]
Masking low complexity seeds...  [0.011s]
Searching alignments...  [1.159s]
Deallocating memory...  [0s]
Processing query block 1, reference block 1/1, shape 10/16, index chunk 2/4.
Building reference seed array...  [0.041s]
Building query seed array...  [0.041s]
Computing hash join...  [0.018s]
Masking low complexity seeds...  [0.011s]
Searching alignments...  [1.03s]
Deallocating memory...  [0s]
Processing query block 1, reference block 1/1, shape 10/16, index chunk 3/4.
Building reference seed array...  [0.043s]
Building query seed array...  [0.043s]
Computing hash join...  [0.018s]
Masking low complexity seeds...  [0.011s]
Searching alignments...  [0.984s]
Deallocating memory...  [0s]
Processing query block 1, reference block 1/1, shape 10/16, index chunk 4/4.
Building reference seed array...  [0.035s]
Building query seed array...  [0.036s]
Computing hash join...  [0.018s]
Masking low complexity seeds...  [0.011s]
Searching alignments...  [0.949s]
Deallocating memory...  [0s]
Processing query block 1, reference block 1/1, shape 11/16, index chunk 1/4.
Building reference seed array...  [0.037s]
Building query seed array...  [0.037s]
Computing hash join...  [0.018s]
Masking low complexity seeds...  [0.01s]
Searching alignments...  [1.189s]
Deallocating memory...  [0s]
Processing query block 1, reference block 1/1, shape 11/16, index chunk 2/4.
Building reference seed array...  [0.04s]
Building query seed array...  [0.041s]
Computing hash join...  [0.018s]
Masking low complexity seeds...  [0.011s]
Searching alignments...  [1.024s]
Deallocating memory...  [0s]
Processing query block 1, reference block 1/1, shape 11/16, index chunk 3/4.
Building reference seed array...  [0.043s]
Building query seed array...  [0.043s]
Computing hash join...  [0.018s]
Masking low complexity seeds...  [0.01s]
Searching alignments...  [1.029s]
Deallocating memory...  [0s]
Processing query block 1, reference block 1/1, shape 11/16, index chunk 4/4.
Building reference seed array...  [0.036s]
Building query seed array...  [0.036s]
Computing hash join...  [0.018s]
Masking low complexity seeds...  [0.011s]
Searching alignments...  [0.971s]
Deallocating memory...  [0s]
Processing query block 1, reference block 1/1, shape 12/16, index chunk 1/4.
Building reference seed array...  [0.036s]
Building query seed array...  [0.036s]
Computing hash join...  [0.018s]
Masking low complexity seeds...  [0.011s]
Searching alignments...  [1.052s]
Deallocating memory...  [0s]
Processing query block 1, reference block 1/1, shape 12/16, index chunk 2/4.
Building reference seed array...  [0.04s]
Building query seed array...  [0.041s]
Computing hash join...  [0.018s]
Masking low complexity seeds...  [0.011s]
Searching alignments...  [1.031s]
Deallocating memory...  [0s]
Processing query block 1, reference block 1/1, shape 12/16, index chunk 3/4.
Building reference seed array...  [0.043s]
Building query seed array...  [0.043s]
Computing hash join...  [0.018s]
Masking low complexity seeds...  [0.011s]
Searching alignments...  [1.056s]
Deallocating memory...  [0s]
Processing query block 1, reference block 1/1, shape 12/16, index chunk 4/4.
Building reference seed array...  [0.036s]
Building query seed array...  [0.036s]
Computing hash join...  [0.018s]
Masking low complexity seeds...  [0.011s]
Searching alignments...  [0.956s]
Deallocating memory...  [0s]
Processing query block 1, reference block 1/1, shape 13/16, index chunk 1/4.
Building reference seed array...  [0.037s]
Building query seed array...  [0.037s]
Computing hash join...  [0.018s]
Masking low complexity seeds...  [0.011s]
Searching alignments...  [1.118s]
Deallocating memory...  [0s]
Processing query block 1, reference block 1/1, shape 13/16, index chunk 2/4.
Building reference seed array...  [0.04s]
Building query seed array...  [0.04s]
Computing hash join...  [0.018s]
Masking low complexity seeds...  [0.011s]
Searching alignments...  [0.996s]
Deallocating memory...  [0s]
Processing query block 1, reference block 1/1, shape 13/16, index chunk 3/4.
Building reference seed array...  [0.043s]
Building query seed array...  [0.043s]
Computing hash join...  [0.02s]
Masking low complexity seeds...  [0.01s]
Searching alignments...  [0.994s]
Deallocating memory...  [0s]
Processing query block 1, reference block 1/1, shape 13/16, index chunk 4/4.
Building reference seed array...  [0.035s]
Building query seed array...  [0.036s]
Computing hash join...  [0.018s]
Masking low complexity seeds...  [0.011s]
Searching alignments...  [0.999s]
Deallocating memory...  [0s]
Processing query block 1, reference block 1/1, shape 14/16, index chunk 1/4.
Building reference seed array...  [0.037s]
Building query seed array...  [0.036s]
Computing hash join...  [0.018s]
Masking low complexity seeds...  [0.01s]
Searching alignments...  [1.102s]
Deallocating memory...  [0s]
Processing query block 1, reference block 1/1, shape 14/16, index chunk 2/4.
Building reference seed array...  [0.041s]
Building query seed array...  [0.041s]
Computing hash join...  [0.018s]
Masking low complexity seeds...  [0.011s]
Searching alignments...  [1.032s]
Deallocating memory...  [0s]
Processing query block 1, reference block 1/1, shape 14/16, index chunk 3/4.
Building reference seed array...  [0.043s]
Building query seed array...  [0.042s]
Computing hash join...  [0.018s]
Masking low complexity seeds...  [0.01s]
Searching alignments...  [1.013s]
Deallocating memory...  [0s]
Processing query block 1, reference block 1/1, shape 14/16, index chunk 4/4.
Building reference seed array...  [0.035s]
Building query seed array...  [0.036s]
Computing hash join...  [0.018s]
Masking low complexity seeds...  [0.011s]
Searching alignments...  [1.006s]
Deallocating memory...  [0s]
Processing query block 1, reference block 1/1, shape 15/16, index chunk 1/4.
Building reference seed array...  [0.037s]
Building query seed array...  [0.037s]
Computing hash join...  [0.018s]
Masking low complexity seeds...  [0.011s]
Searching alignments...  [1.122s]
Deallocating memory...  [0s]
Processing query block 1, reference block 1/1, shape 15/16, index chunk 2/4.
Building reference seed array...  [0.041s]
Building query seed array...  [0.041s]
Computing hash join...  [0.018s]
Masking low complexity seeds...  [0.011s]
Searching alignments...  [1.069s]
Deallocating memory...  [0s]
Processing query block 1, reference block 1/1, shape 15/16, index chunk 3/4.
Building reference seed array...  [0.043s]
Building query seed array...  [0.043s]
Computing hash join...  [0.018s]
Masking low complexity seeds...  [0.01s]
Searching alignments...  [1.008s]
Deallocating memory...  [0s]
Processing query block 1, reference block 1/1, shape 15/16, index chunk 4/4.
Building reference seed array...  [0.036s]
Building query seed array...  [0.036s]
Computing hash join...  [0.018s]
Masking low complexity seeds...  [0.011s]
Searching alignments...  [0.957s]
Deallocating memory...  [0s]
Processing query block 1, reference block 1/1, shape 16/16, index chunk 1/4.
Building reference seed array...  [0.037s]
Building query seed array...  [0.037s]
Computing hash join...  [0.018s]
Masking low complexity seeds...  [0.01s]
Searching alignments...  [1.139s]
Deallocating memory...  [0s]
Processing query block 1, reference block 1/1, shape 16/16, index chunk 2/4.
Building reference seed array...  [0.04s]
Building query seed array...  [0.04s]
Computing hash join...  [0.018s]
Masking low complexity seeds...  [0.011s]
Searching alignments...  [0.992s]
Deallocating memory...  [0s]
Processing query block 1, reference block 1/1, shape 16/16, index chunk 3/4.
Building reference seed array...  [0.043s]
Building query seed array...  [0.043s]
Computing hash join...  [0.018s]
Masking low complexity seeds...  [0.01s]
Searching alignments...  [1.063s]
Deallocating memory...  [0s]
Processing query block 1, reference block 1/1, shape 16/16, index chunk 4/4.
Building reference seed array...  [0.035s]
Building query seed array...  [0.036s]
Computing hash join...  [0.018s]
Masking low complexity seeds...  [0.011s]
Searching alignments...  [0.914s]
Deallocating memory...  [0s]
Deallocating buffers...  [0.001s]
Clearing query masking...  [0.06s]
Computing alignments... Loading trace points...  [0.207s]
Sorting trace points...  [0.078s]
Computing alignments...  [22.505s]
Deallocating buffers...  [0.001s]
Loading trace points...  [0s]
 [22.839s]
Deallocating reference...  [0s]
Loading reference sequences...  [0s]
Deallocating buffers...  [0s]
Deallocating queries...  [0s]
Loading query sequences...  [0s]
Closing the input file...  [0s]
Closing the output file...  [0.003s]
Closing the database...  [0s]
Cleaning up...  [0s]
Total time = 98.815s
Reported 78417 pairwise alignments, 78417 HSPs.
19438 queries aligned.
DONE salamandrivorans: /bigdata/stajichlab/shared/projects/Chytrid/Bd_massspec/Batrachochytrium_MS/analysis/genome_bioactivity_linkage/results/duplication_check/salamandrivorans/self.blastp.tsv
query proteins with a non-self hit: 16526
NEAR-DUPLICATES (>=90% id, >=80% query cov): 5983 proteins have one
STRICT DUPLICATES (>=95% id, >=90% query cov): 3453 proteins have one
            qseqid             sseqid  pident  query_cov        evalue
F61BA062_000037-T1 F61BA062_002693-T1   100.0        1.0  2.220000e-77
F61BA062_000039-T1 F61BA062_000059-T1    98.5        1.0 2.560000e-132
F61BA062_000045-T1 F61BA062_002712-T1    99.3        1.0  7.890000e-95
F61BA062_000053-T1 F61BA062_002706-T1    96.7        1.0 8.160000e-170
F61BA062_000059-T1 F61BA062_000039-T1    98.5        1.0 6.300000e-133
F61BA062_000061-T1 F61BA062_002721-T1    99.2        1.0 5.820000e-195
F61BA062_000062-T1 F61BA062_002691-T1    97.8        1.0  0.000000e+00
F61BA062_000063-T1 F61BA062_002723-T1    90.8        1.0 5.870000e-238
F61BA062_000072-T1 F61BA062_002733-T1    94.5        1.0 1.690000e-140
F61BA062_000077-T1 F61BA062_002735-T1    99.4        1.0  0.000000e+00
F61BA062_000080-T1 F61BA062_002738-T1   100.0        1.0 9.000000e-152
F61BA062_000081-T1 F61BA062_002739-T1   100.0        1.0 8.410000e-144
F61BA062_000088-T1 F61BA062_002747-T1    98.5        1.0  0.000000e+00
F61BA062_000090-T1 F61BA062_002527-T1   100.0        1.0 2.970000e-128
F61BA062_000094-T1 F61BA062_002754-T1   100.0        1.0 8.960000e-142
ALLDONE salamandrivorans
